// Jest Snapshot v1, https://goo.gl/fbAQLP

exports[`<Login /> should render 1`] = `
Array [
  <React.Fragment>
    <Col
      className="mt-4"
      md={
        Object {
          "offset": 2,
          "size": 8,
        }
      }
      sm={
        Object {
          "size": 12,
        }
      }
      tag="div"
      widths={
        Array [
          "xs",
          "sm",
          "md",
          "lg",
          "xl",
        ]
      }
    >
      <h2>
        Login
      </h2>
      <Formik
        enableReinitialize={false}
        initialValues={
          Object {
            "email": "",
            "password": "",
            "remeberMe": false,
          }
        }
        isInitialValid={false}
        onSubmit={[Function]}
        render={[Function]}
        validateOnBlur={true}
        validateOnChange={true}
        validationSchema={
          ObjectSchema {
            "_blacklist": RefSet {
              "list": Set {},
              "refs": Map {},
            },
            "_conditions": Array [],
            "_defaultDefault": [Function],
            "_deps": Array [],
            "_excludedEdges": Array [],
            "_exclusive": Object {},
            "_mutate": undefined,
            "_nodes": Array [
              "password",
              "email",
            ],
            "_options": Object {
              "abortEarly": true,
              "recursive": true,
            },
            "_type": "object",
            "_typeError": [Function],
            "_whitelist": RefSet {
              "list": Set {},
              "refs": Map {},
            },
            "fields": Object {
              "email": StringSchema {
                "_blacklist": RefSet {
                  "list": Set {},
                  "refs": Map {},
                },
                "_conditions": Array [],
                "_deps": Array [],
                "_exclusive": Object {
                  "required": true,
                  "undefined": false,
                },
                "_label": "Email",
                "_mutate": undefined,
                "_options": Object {
                  "abortEarly": true,
                  "recursive": true,
                },
                "_type": "string",
                "_typeError": [Function],
                "_whitelist": RefSet {
                  "list": Set {},
                  "refs": Map {},
                },
                "tests": Array [
                  [Function],
                  [Function],
                ],
                "transforms": Array [
                  [Function],
                ],
              },
              "password": StringSchema {
                "_blacklist": RefSet {
                  "list": Set {},
                  "refs": Map {},
                },
                "_conditions": Array [],
                "_deps": Array [],
                "_exclusive": Object {
                  "required": true,
                },
                "_label": "Password",
                "_mutate": undefined,
                "_options": Object {
                  "abortEarly": true,
                  "recursive": true,
                },
                "_type": "string",
                "_typeError": [Function],
                "_whitelist": RefSet {
                  "list": Set {},
                  "refs": Map {},
                },
                "tests": Array [
                  [Function],
                ],
                "transforms": Array [
                  [Function],
                ],
              },
            },
            "tests": Array [],
            "transforms": Array [
              [Function],
            ],
          }
        }
      />
    </Col>
  </React.Fragment>,
]
`;
